// Jest Snapshot v1, https://goo.gl/fbAQLP

exports[`App should render correctly 1`] = `
.c0 {
  background: #EAEAEA;
  border-radius: 5px;
  box-shadow: 0 1px 3px rgba(0,0,0,0.12),0 1px 2px rgba(0,0,0,0.24);
  cursor: pointer;
  display: inline-block;
  height: 182px;
  padding: 8px;
  place-self: center;
  -webkit-transition: box-shadow 0.2s ease-in-out;
  transition: box-shadow 0.2s ease-in-out;
  width: 130px;
}

.c0:active {
  background: #9FFFB0;
}

.c0:hover {
  box-shadow: 0 14px 28px rgba(0,0,0,0.25),0 10px 10px rgba(0,0,0,0.22);
}

<div
  className="c0 card"
>
  Hello
</div>
`;
